// Jest Snapshot v1, https://goo.gl/fbAQLP

exports[`RegisterScreen render correctly RegisterScreen render 1`] = `
<View
  collapsable={false}
  pointerEvents="box-none"
  style={
    Object {
      "flex": 1,
    }
  }
>
  <View>
    <Text />
  </View>
</View>
`;
